core/__init__.py
core/adapters/__init__.py
core/adapters/ai/__init__.py
core/adapters/ai/agent_loop.py
core/adapters/ai/base.py
core/adapters/ai/constants.py
core/adapters/ai/diagnostics.py
core/adapters/ai/embedding.py
core/adapters/ai/hitl.py
core/adapters/ai/network_mixin.py
core/adapters/ai/nlp.py
core/adapters/ai/payload_manager.py
core/adapters/ai/prober.py
core/adapters/ai/registry.py
core/adapters/ai/retry_helper.py
core/adapters/ai/strategies.py
core/adapters/ai/tool_protocol.py
core/adapters/ai/tool_registry.py
core/adapters/ai/tool_runner.py
core/adapters/ai/tools/system_tools.py
core/adapters/ai/tools/vault_service.py
core/adapters/ai/tools/vault_tools.py
core/adapters/ai/xml_parser.py
core/adapters/base.py
core/adapters/egress/__init__.py
core/adapters/egress/ebook/__init__.py
core/adapters/egress/ebook/base.py
core/adapters/egress/ebook/colophon.py
core/adapters/egress/ebook/docx.py
core/adapters/egress/ebook/docx_reader.py
core/adapters/egress/ebook/docx_reader_template.py
core/adapters/egress/ebook/epub.py
core/adapters/egress/ebook/epub_assets.py
core/adapters/egress/ebook/epub_reader.py
core/adapters/egress/ebook/epub_reader_annotator.py
core/adapters/egress/ebook/epub_reader_annotator_css.py
core/adapters/egress/ebook/epub_reader_annotator_dom_js.py
core/adapters/egress/ebook/epub_reader_annotator_js.py
core/adapters/egress/ebook/epub_reader_client_js.py
core/adapters/egress/ebook/epub_reader_css.py
core/adapters/egress/ebook/epub_reader_js.py
core/adapters/egress/ebook/epub_reader_pager_css.py
core/adapters/egress/ebook/epub_reader_pager_js.py
core/adapters/egress/ebook/epub_reader_parser.py
core/adapters/egress/ebook/epub_reader_polyglot_css.py
core/adapters/egress/ebook/epub_reader_polyglot_js.py
core/adapters/egress/ebook/epub_reader_polyglot_sync_js.py
core/adapters/egress/ebook/epub_reader_poster_js.py
core/adapters/egress/ebook/epub_reader_prefs_css.py
core/adapters/egress/ebook/epub_reader_prefs_js.py
core/adapters/egress/ebook/epub_reader_search.py
core/adapters/egress/ebook/epub_reader_search_css.py
core/adapters/egress/ebook/epub_reader_search_js.py
core/adapters/egress/ebook/epub_reader_template.py
core/adapters/egress/ebook/markdown_bundle.py
core/adapters/egress/ebook/pdf.py
core/adapters/egress/ebook/pdf_assets.py
core/adapters/egress/ebook/pdf_chunk_printer.py
core/adapters/egress/ebook/pdf_facing_pages.py
core/adapters/egress/ebook/pdf_folio_stamp.py
core/adapters/egress/ebook/txt.py
core/adapters/egress/ebook/webbook.py
core/adapters/egress/ebook/webbook_assets.py
core/adapters/egress/ebook/webbook_css.py
core/adapters/egress/ebook/webbook_js.py
core/adapters/egress/publishers/__init__.py
core/adapters/egress/publishers/base.py
core/adapters/egress/publishers/git_helper.py
core/adapters/egress/ssg/__init__.py
core/adapters/egress/ssg/base.py
core/adapters/egress/ssg/base_shards/__init__.py
core/adapters/egress/ssg/base_shards/docusaurus_i18n_synthesizer.py
core/adapters/egress/ssg/base_shards/nextra_content_hydrator.py
core/adapters/egress/ssg/base_shards/nextra_meta_synthesizer.py
core/adapters/egress/ssg/base_shards/ssg_link_healer.py
core/adapters/egress/ssg/base_shards/ssg_nav_synthesizer.py
core/adapters/egress/ssg/base_shards/ssg_slot_matrix.py
core/adapters/egress/ssg/base_shards/ssg_theme_compiler.py
core/adapters/egress/ssg/generic.py
core/adapters/egress/ssg/generic_shards/__init__.py
core/adapters/egress/ssg/generic_shards/assets_bundle.py
core/adapters/egress/ssg/generic_shards/assets_css.py
core/adapters/egress/ssg/generic_shards/assets_css_views.py
core/adapters/egress/ssg/generic_shards/assets_js.py
core/adapters/egress/ssg/generic_shards/blog_archive_views.py
core/adapters/egress/ssg/generic_shards/blog_archiver.py
core/adapters/egress/ssg/generic_shards/navigation_builder.py
core/adapters/egress/ssg/generic_shards/page_renderer.py
core/adapters/egress/ssg/generic_shards/syntax_resolver.py
core/adapters/egress/ssg/generic_templates.py
core/adapters/egress/ssg/mixins.py
core/adapters/egress/ssg/registry.py
core/adapters/egress/ssg/seo_helper.py
core/adapters/egress/webhook/__init__.py
core/adapters/egress/webhook/base.py
core/adapters/image_hosting/__init__.py
core/adapters/image_hosting/base.py
core/adapters/image_hosting/targets.py
core/adapters/syndication/__init__.py
core/adapters/syndication/base.py
core/adapters/syndication/targets/__init__.py
core/adapters/tunnel/__init__.py
core/adapters/tunnel/base.py
core/adapters/tunnel/cloudflare.py
core/adapters/tunnel/cpolar.py
core/adapters/tunnel/frp.py
core/adapters/tunnel/localhost_run.py
core/adapters/tunnel/ngrok.py
core/adapters/tunnel/pinggy.py
core/adapters/tunnel/serveo.py
core/adapters/tunnel/tailscale.py
core/api/server.py
core/archives/__init__.py
core/archives/block_cache.py
core/archives/ledger.py
core/archives/ledger_extensions.py
core/archives/metadata_file_store.py
core/archives/sql_statements.py
core/archives/sqlite_backend.py
core/archives/sqlite_doc_queries.py
core/archives/sqlite_hosting.py
core/archives/sqlite_maintenance.py
core/archives/sqlite_review.py
core/archives/sqlite_syndication.py
core/archives/timeline.py
core/bindery/__init__.py
core/bindery/bindery_asset_syncer.py
core/bindery/bindery_dispatcher.py
core/bindery/bindery_unmasker.py
core/bindery/bindery_writer.py
core/bindery/book_assembler.py
core/bindery/cover_generator.py
core/bindery/deployment_manager.py
core/bindery/docx_polyglot_builder.py
core/bindery/docx_polyglot_scaffold.py
core/bindery/docx_syntax_highlighter.py
core/bindery/docx_text_parser.py
core/bindery/garden_exporter.py
core/bindery/hosting_record_bridge.py
core/bindery/html_sanitizer.py
core/bindery/image_packager.py
core/bindery/math_packager.py
core/bindery/mermaid_renderer.py
core/bindery/polyglot_aligner.py
core/bindery/qr_sync.py
core/bindery/theme_synchronizer.py
core/bindery/toc_builder.py
core/bindery/translation_resolver.py
core/bindery/tunnel.py
core/bindery/tunnel_diagnostic.py
core/config/__init__.py
core/config/adapters_probe.py
core/config/assembler.py
core/config/assembler_healer.py
core/config/assembler_resolvers.py
core/config/auditor.py
core/config/config.py
core/config/config_models.py
core/config/constants.py
core/config/env_loader.py
core/config/governance_map.py
core/config/models/__init__.py
core/config/models/ai.py
core/config/models/base.py
core/config/models/governance.py
core/config/models/paths_mixin.py
core/config/models/plugins.py
core/config/models/publishing.py
core/config/models/system.py
core/config/models/theme.py
core/config/post_processor.py
core/design/__init__.py
core/design/cover_engine/ai_cover_generator.py
core/design/cover_engine/brand_presets_rotator.py
core/design/cover_engine/cover_deriver.py
core/design/cover_engine/cover_resolver.py
core/design/cover_engine/first_image_extractor.py
core/design/cover_engine/minimal_badge_renderer.py
core/design/cover_engine/og_card_renderer.py
core/design/image_hub.py
core/design/providers/__init__.py
core/design/providers/base_provider.py
core/design/providers/comfyui.py
core/design/providers/flux_provider.py
core/design/providers/google_imagen.py
core/design/providers/local_og_provider.py
core/design/providers/midjourney_provider.py
core/design/providers/openai_dalle.py
core/design/providers/pexels_provider.py
core/design/providers/picsum_provider.py
core/design/providers/pixabay_provider.py
core/design/providers/provider_config_manager.py
core/design/providers/provider_registry.py
core/design/providers/sd_webui.py
core/design/providers/stability_provider.py
core/design/providers/unsplash_provider.py
core/design/providers/zhipu_cogview.py
core/editorial/__init__.py
core/editorial/asset_pipeline.py
core/editorial/ast_processor.py
core/editorial/ast_shards/__init__.py
core/editorial/ast_shards/gfm_normalizer.py
core/editorial/ast_shards/html_sanitizer.py
core/editorial/ast_shards/landing_page_transformer.py
core/editorial/ast_shards/metadata_sanitizer.py
core/editorial/context.py
core/editorial/image_step.py
core/editorial/registry.py
core/editorial/router.py
core/editorial/runner.py
core/editorial/standard_steps.py
core/editorial/staticizer.py
core/editorial/steps/__init__.py
core/editorial/steps/masking.py
core/editorial/steps/metadata.py
core/editorial/steps/normalize.py
core/editorial/steps/purify.py
core/editorial/steps/semantic_linker.py
core/editorial/steps/seo.py
core/editorial/steps/verification.py
core/editorial/vault_indexer.py
core/governance/__init__.py
core/governance/audit_ledger.py
core/governance/auditor.py
core/governance/autopilot.py
core/governance/brain.py
core/governance/checks/__init__.py
core/governance/checks/ai.py
core/governance/checks/infra.py
core/governance/checks/ledger.py
core/governance/checks/matrix.py
core/governance/checks/plugins.py
core/governance/circuit_breaker.py
core/governance/contract_guard.py
core/governance/credential_wizard.py
core/governance/doctor.py
core/governance/env_sentry.py
core/governance/healer.py
core/governance/health_registry.py
core/governance/heartbeat.py
core/governance/heartbeat_telemetry.py
core/governance/imprint_bootstrapper.py
core/governance/imprint_manager.py
core/governance/imprint_query_mixin.py
core/governance/imprint_showcase_content.py
core/governance/imprint_showcase_content_part2.py
core/governance/indexing_sentinel.py
core/governance/isolator.py
core/governance/janitor.py
core/governance/janitor_cache.py
core/governance/janitor_routes.py
core/governance/license_crypto.py
core/governance/license_guard.py
core/governance/link_doctor.py
core/governance/manager.py
core/governance/meter.py
core/governance/qa_guard.py
core/governance/rate_limiter.py
core/governance/resource_guard.py
core/governance/secret_manager.py
core/governance/sentinel.py
core/governance/vector_index.py
core/ingress/__init__.py
core/ingress/adapter.py
core/ingress/base.py
core/ingress/dialect/__init__.py
core/ingress/language_sentinel.py
core/ingress/manager.py
core/ingress/registry.py
core/ingress/source/__init__.py
core/ingress/source/git.py
core/ingress/source/local.py
core/logic/__init__.py
core/logic/ai/__init__.py
core/logic/ai/ai_batcher.py
core/logic/ai/ai_factory.py
core/logic/ai/ai_logic_hub.py
core/logic/ai/ai_logic_shards/__init__.py
core/logic/ai/ai_logic_shards/ai_cleaner_ops.py
core/logic/ai/ai_logic_shards/ai_context_ops.py
core/logic/ai/ai_logic_shards/ai_json_ops.py
core/logic/ai/ai_logic_shards/ai_masker_ops.py
core/logic/ai/ai_scheduler.py
core/logic/ai/ai_scheduler_shards/__init__.py
core/logic/ai/ai_scheduler_shards/batch_chunker.py
core/logic/ai/ai_scheduler_shards/batch_models.py
core/logic/ai/ai_scheduler_shards/batch_payload.py
core/logic/ai/ai_scheduler_shards/batch_splitter.py
core/logic/ai/ai_scheduler_shards/batch_unpacker.py
core/logic/ai/ai_scheduler_shards/dispatch_ast_guard.py
core/logic/ai/ai_scheduler_shards/dispatch_batch_flow.py
core/logic/ai/ai_scheduler_shards/dispatch_meta_polish.py
core/logic/ai/ai_scheduler_shards/dispatch_ops.py
core/logic/ai/ai_scheduler_shards/dispatch_single_flow.py
core/logic/ai/ai_scheduler_shards/dispatch_target_runner.py
core/logic/ai/ai_scheduler_shards/node_selector.py
core/logic/ai/ai_scheduler_shards/seo_scheduler.py
core/logic/ai/model_intelligence.py
core/logic/ai/rate_limit_shield.py
core/logic/ai/task_mixin.py
core/logic/ast_resolver.py
core/logic/block_parser.py
core/logic/context_compressor.py
core/logic/diagnostics.py
core/logic/diagnostics/__init__.py
core/logic/diagnostics/component_monitor.py
core/logic/diagnostics/vault_detector.py
core/logic/events.py
core/logic/hooks.py
core/logic/knowledge/__init__.py
core/logic/knowledge/conversational_brain.py
core/logic/knowledge/knowledge_graph.py
core/logic/knowledge/knowledge_migrator.py
core/logic/notification_hub.py
core/logic/orchestration/__init__.py
core/logic/orchestration/concurrency_controller.py
core/logic/orchestration/task_orchestrator.py
core/logic/seo/__init__.py
core/logic/seo/ai_alignment.py
core/logic/seo/ai_authority.py
core/logic/seo/ai_localized.py
core/logic/seo/ai_sync.py
core/logic/seo/base.py
core/logic/seo/factory.py
core/logic/seo/heuristic.py
core/logic/seo/protocol.py
core/logic/sitemap_engine.py
core/logic/smart_router.py
core/logic/strategies/__init__.py
core/logic/strategies/base.py
core/logic/strategies/fingerprint.py
core/logic/strategies/sandbox.py
core/markup/__init__.py
core/markup/base.py
core/markup/manager.py
core/markup/processors/markdown/blocks/__init__.py
core/markup/processors/markdown/links/__init__.py
core/markup/processors/markdown/maskers/__init__.py
core/markup/registry.py
core/runtime/__init__.py
core/runtime/assemblers/component_assembler.py
core/runtime/cli_bootstrap.py
core/runtime/daemon.py
core/runtime/engine.py
core/runtime/engine_factory.py
core/runtime/engine_lifecycle.py
core/runtime/engine_preflight.py
core/runtime/engine_reloader.py
core/runtime/engine_singleton.py
core/runtime/infrastructure/path_resolver.py
core/runtime/infrastructure/theme_orchestrator.py
core/runtime/orchestration/scanner.py
core/runtime/orchestration/sync_worker.py
core/runtime/orchestrator.py
core/runtime/update_checker.py
core/runtime/version_sentinel.py
core/services/__init__.py
core/services/daemon_handler.py
core/services/link_resolver.py
core/services/post_sync.py
core/services/preflight.py
core/services/staticizer.py
core/syndication/__init__.py
core/syndication/hub.py
core/syndication/hub_dispatcher_mixin.py
core/syndication/hub_management_mixin.py
core/syndication/incremental_builder.py
core/syndication/pipeline_generator.py
core/syndication/publisher.py
core/syndication/syndication_diagnostic.py
core/syndication/uploader.py
core/ui/__init__.py
core/ui/delegate.py
core/ui/handlers/__init__.py
core/ui/handlers/audit_handlers.py
core/ui/handlers/report_handlers.py
core/ui/handlers/status_handlers.py
core/ui/handlers/summary_handlers.py
core/ui/mediator.py
core/ui/web/wizard_server.py
core/ui/wizard.py
core/utils/__init__.py
core/utils/common.py
core/utils/dev_server.py
core/utils/event_bus.py
core/utils/framework_dev_server.py
core/utils/frozen_paths.py
core/utils/io.py
core/utils/language_data.py
core/utils/language_hub.py
core/utils/plugin_loader.py
core/utils/secret_sentinel.py
core/utils/terminal_wizard.py
core/utils/text.py
core/utils/tracing.py
core/utils/yaml_healer.py
services/api/__init__.py
services/api/bridge.py
services/api/infrastructure/__init__.py
services/api/infrastructure/logging.py
services/api/infrastructure/middleware.py
services/api/logic/__init__.py
services/api/logic/content_ops.py
services/api/logic/content_ops_shards/__init__.py
services/api/logic/content_ops_shards/galaxy_ops.py
services/api/logic/content_ops_shards/galaxy_title_ops.py
services/api/logic/content_ops_shards/safe_ops.py
services/api/logic/content_ops_shards/vault_file_ops.py
services/api/logic/content_ops_shards/vault_ops.py
services/api/logic/dispatch_ops.py
services/api/logic/dispatch_ops_shards/__init__.py
services/api/logic/dispatch_ops_shards/daemon_ops.py
services/api/logic/dispatch_ops_shards/pipeline_ops.py
services/api/logic/dispatch_ops_shards/pipeline_shards/__init__.py
services/api/logic/dispatch_ops_shards/pipeline_shards/pipeline_destroy_ops.py
services/api/logic/dispatch_ops_shards/pipeline_shards/pipeline_hosting_pusher.py
services/api/logic/dispatch_ops_shards/pipeline_shards/pipeline_syndicate_loader.py
services/api/logic/dispatch_ops_shards/pipeline_shards/pipeline_task_runner.py
services/api/logic/dispatch_ops_shards/telemetry_ops.py
services/api/logic/dispatch_ops_shards/telemetry_shards/__init__.py
services/api/logic/dispatch_ops_shards/telemetry_shards/telemetry_channels_matrix.py
services/api/logic/dispatch_ops_shards/telemetry_shards/telemetry_i18n_matrix.py
services/api/logic/dispatch_ops_shards/telemetry_shards/telemetry_source_scanner.py
services/api/logic/sys_ops.py
services/api/routes/__init__.py
services/api/routes/agent.py
services/api/routes/compute.py
services/api/routes/compute_shards/__init__.py
services/api/routes/compute_shards/node_mgmt_ops.py
services/api/routes/compute_shards/node_probe_ops.py
services/api/routes/content.py
services/api/routes/design_routes.py
services/api/routes/design_shards/__init__.py
services/api/routes/design_shards/cover_asset_healer.py
services/api/routes/design_shards/design_assets_routes.py
services/api/routes/design_shards/design_batch_routes.py
services/api/routes/design_shards/design_hosting_routes.py
services/api/routes/design_shards/design_prompt_routes.py
services/api/routes/design_shards/design_upload_routes.py
services/api/routes/dispatch.py
services/api/routes/dispatch_shards/__init__.py
services/api/routes/dispatch_shards/hosting_routes.py
services/api/routes/dispatch_shards/hosting_diagnostic_routes.py
services/api/routes/dispatch_shards/platform_oauth_routes.py
services/api/routes/dispatch_shards/sensing_routes.py
services/api/routes/dispatch_shards/task_routes.py
services/api/routes/dispatch_shards/vault_routes.py
services/api/routes/gov/__init__.py
services/api/routes/gov/actions.py
services/api/routes/gov/actions_shards/__init__.py
services/api/routes/gov/actions_shards/cache_and_maintenance_ops.py
services/api/routes/gov/actions_shards/health_radar_ops.py
services/api/routes/gov/actions_shards/theme_and_publish_ops.py
services/api/routes/gov/audit.py
services/api/routes/gov/bindery.py
services/api/routes/gov/bindery_archive.py
services/api/routes/gov/bindery_models.py
services/api/routes/gov/bindery_tunnel.py
services/api/routes/gov/config.py
services/api/routes/gov/config_shards/__init__.py
services/api/routes/gov/config_shards/config_persistence_ops.py
services/api/routes/gov/config_shards/config_reload_ops.py
services/api/routes/gov/config_shards/config_sync_ops.py
services/api/routes/gov/context.py
services/api/routes/gov/context_shards/__init__.py
services/api/routes/gov/context_shards/config_ops.py
services/api/routes/gov/context_shards/context_ops.py
services/api/routes/gov/context_shards/deps_binary_installer.py
services/api/routes/gov/context_shards/hosting_shards/__init__.py
services/api/routes/gov/context_shards/hosting_shards/hosting_cloud.py
services/api/routes/gov/context_shards/hosting_shards/hosting_git.py
services/api/routes/gov/context_shards/plugin_capture_ops.py
services/api/routes/gov/context_shards/plugin_dry_run.py
services/api/routes/gov/context_shards/plugin_dry_run_hosting.py
services/api/routes/gov/context_shards/plugin_dry_run_media.py
services/api/routes/gov/context_shards/plugin_dry_run_media_cloud.py
services/api/routes/gov/context_shards/plugin_dry_run_notice.py
services/api/routes/gov/context_shards/plugin_dry_run_social.py
services/api/routes/gov/context_shards/plugin_ops.py
services/api/routes/gov/context_shards/plugin_ops_deps.py
services/api/routes/gov/context_shards/review_actions.py
services/api/routes/gov/context_shards/review_ops.py
services/api/routes/gov/context_shards/review_parser.py
services/api/routes/gov/context_shards/social_shards/__init__.py
services/api/routes/gov/context_shards/social_shards/social_domestic.py
services/api/routes/gov/context_shards/social_shards/social_global.py
services/api/routes/gov/context_shards/sync_stats_ops.py
services/api/routes/gov/imprints.py
services/api/routes/gov/imprints_shards/__init__.py
services/api/routes/gov/imprints_shards/imprint_crud_ops.py
services/api/routes/gov/imprints_shards/imprint_stats_ops.py
services/api/routes/gov/imprints_shards/imprint_switch_ops.py
services/api/routes/gov/lessons.py
services/api/routes/gov/license.py
services/api/routes/gov/plugin_collector_channels.py
services/api/routes/gov/plugin_collector_pipeline.py
services/api/routes/gov/plugin_mapper.py
services/api/routes/gov/syndication_queue.py
services/api/routes/gov/translation_review.py
services/api/routes/gov/vault.py
services/api/routes/governance.py
services/api/routes/syndication_preview.py
services/api/routes/system.py
services/api/routes/system_fragment.py
services/api/routes/system_shards/__init__.py
services/api/routes/system_shards/preview_ops.py
services/api/routes/system_shards/security_guard.py
services/api/routes/system_shards/sync_pipeline_ops.py
services/api/routes/system_shards/system_health_ops.py
services/api/routes/system_shards/theme_lifecycle_ops.py
services/api/routes/ws.py
services/api/schemas/__init__.py
services/api/schemas/health.py
services/api/server.py
services/wizard/__init__.py
services/wizard/wizard_ops.py
services/wizard/wizard_ops_shards/__init__.py
services/wizard/wizard_ops_shards/ai_ops.py
services/wizard/wizard_ops_shards/fs_ops.py
services/wizard/wizard_ops_shards/init_ops.py
services/wizard/wizard_ops_shards/probe_ops.py
services/wizard/wizard_server.py
